mode: set
github.com/musthafa-vakkayil/event_scheduler_v2/middleware/middleware.go:13.61,14.32 1 1
github.com/musthafa-vakkayil/event_scheduler_v2/middleware/middleware.go:14.32,16.36 2 1
github.com/musthafa-vakkayil/event_scheduler_v2/middleware/middleware.go:16.36,20.4 3 1
github.com/musthafa-vakkayil/event_scheduler_v2/middleware/middleware.go:22.3,23.22 2 1
github.com/musthafa-vakkayil/event_scheduler_v2/middleware/middleware.go:23.22,27.4 3 0
github.com/musthafa-vakkayil/event_scheduler_v2/middleware/middleware.go:29.3,30.63 2 1
github.com/musthafa-vakkayil/event_scheduler_v2/middleware/middleware.go:30.63,34.4 3 1
github.com/musthafa-vakkayil/event_scheduler_v2/middleware/middleware.go:36.3,40.17 3 1
github.com/musthafa-vakkayil/event_scheduler_v2/middleware/middleware.go:40.17,43.4 2 1
github.com/musthafa-vakkayil/event_scheduler_v2/middleware/middleware.go:45.3,46.13 2 1
github.com/musthafa-vakkayil/event_scheduler_v2/handlers/event_handler.go:13.53,15.49 2 0
github.com/musthafa-vakkayil/event_scheduler_v2/handlers/event_handler.go:15.49,18.3 2 0
github.com/musthafa-vakkayil/event_scheduler_v2/handlers/event_handler.go:20.2,23.103 2 0
github.com/musthafa-vakkayil/event_scheduler_v2/handlers/event_handler.go:23.103,27.3 3 0
github.com/musthafa-vakkayil/event_scheduler_v2/handlers/event_handler.go:29.2,39.16 3 0
github.com/musthafa-vakkayil/event_scheduler_v2/handlers/event_handler.go:39.16,42.3 2 0
github.com/musthafa-vakkayil/event_scheduler_v2/handlers/event_handler.go:44.2,44.32 1 0
github.com/musthafa-vakkayil/event_scheduler_v2/handlers/event_handler.go:47.52,49.50 2 0
github.com/musthafa-vakkayil/event_scheduler_v2/handlers/event_handler.go:49.50,52.3 2 0
github.com/musthafa-vakkayil/event_scheduler_v2/handlers/event_handler.go:54.2,55.16 2 0
github.com/musthafa-vakkayil/event_scheduler_v2/handlers/event_handler.go:55.16,58.3 2 0
github.com/musthafa-vakkayil/event_scheduler_v2/handlers/event_handler.go:60.2,60.33 1 0
github.com/musthafa-vakkayil/event_scheduler_v2/handlers/event_handler.go:63.50,65.48 2 0
github.com/musthafa-vakkayil/event_scheduler_v2/handlers/event_handler.go:65.48,68.3 2 0
github.com/musthafa-vakkayil/event_scheduler_v2/handlers/event_handler.go:70.2,71.16 2 0
github.com/musthafa-vakkayil/event_scheduler_v2/handlers/event_handler.go:71.16,72.39 1 0
github.com/musthafa-vakkayil/event_scheduler_v2/handlers/event_handler.go:72.39,75.4 2 0
github.com/musthafa-vakkayil/event_scheduler_v2/handlers/event_handler.go:76.3,77.9 2 0
github.com/musthafa-vakkayil/event_scheduler_v2/handlers/event_handler.go:80.2,80.32 1 0
github.com/musthafa-vakkayil/event_scheduler_v2/handlers/event_handler.go:83.57,85.48 2 0
github.com/musthafa-vakkayil/event_scheduler_v2/handlers/event_handler.go:85.48,88.3 2 0
github.com/musthafa-vakkayil/event_scheduler_v2/handlers/event_handler.go:90.2,91.16 2 0
github.com/musthafa-vakkayil/event_scheduler_v2/handlers/event_handler.go:91.16,92.39 1 0
github.com/musthafa-vakkayil/event_scheduler_v2/handlers/event_handler.go:92.39,95.4 2 0
github.com/musthafa-vakkayil/event_scheduler_v2/handlers/event_handler.go:96.3,97.9 2 0
github.com/musthafa-vakkayil/event_scheduler_v2/handlers/event_handler.go:100.2,100.25 1 0
github.com/musthafa-vakkayil/event_scheduler_v2/handlers/event_handler.go:100.25,104.3 3 0
github.com/musthafa-vakkayil/event_scheduler_v2/handlers/event_handler.go:106.2,107.16 2 0
github.com/musthafa-vakkayil/event_scheduler_v2/handlers/event_handler.go:107.16,110.3 2 0
github.com/musthafa-vakkayil/event_scheduler_v2/handlers/event_handler.go:112.2,112.31 1 0
github.com/musthafa-vakkayil/event_scheduler_v2/handlers/event_handler.go:115.53,117.48 2 0
github.com/musthafa-vakkayil/event_scheduler_v2/handlers/event_handler.go:117.48,120.3 2 0
github.com/musthafa-vakkayil/event_scheduler_v2/handlers/event_handler.go:122.2,123.16 2 0
github.com/musthafa-vakkayil/event_scheduler_v2/handlers/event_handler.go:123.16,126.3 2 0
github.com/musthafa-vakkayil/event_scheduler_v2/handlers/event_handler.go:128.2,128.31 1 0
github.com/musthafa-vakkayil/event_scheduler_v2/handlers/server.go:27.77,29.16 2 1
github.com/musthafa-vakkayil/event_scheduler_v2/handlers/server.go:29.16,31.3 1 0
github.com/musthafa-vakkayil/event_scheduler_v2/handlers/server.go:33.2,37.20 3 1
github.com/musthafa-vakkayil/event_scheduler_v2/handlers/server.go:40.37,56.2 12 1
github.com/musthafa-vakkayil/event_scheduler_v2/handlers/server.go:59.51,61.2 1 0
github.com/musthafa-vakkayil/event_scheduler_v2/handlers/server.go:64.55,77.16 3 0
github.com/musthafa-vakkayil/event_scheduler_v2/handlers/server.go:77.16,79.3 1 0
github.com/musthafa-vakkayil/event_scheduler_v2/handlers/server.go:82.2,83.16 2 0
github.com/musthafa-vakkayil/event_scheduler_v2/handlers/server.go:83.16,85.3 1 0
github.com/musthafa-vakkayil/event_scheduler_v2/handlers/server.go:87.2,92.16 5 0
github.com/musthafa-vakkayil/event_scheduler_v2/handlers/user_handler.go:14.52,16.49 2 1
github.com/musthafa-vakkayil/event_scheduler_v2/handlers/user_handler.go:16.49,19.3 2 1
github.com/musthafa-vakkayil/event_scheduler_v2/handlers/user_handler.go:21.2,22.16 2 1
github.com/musthafa-vakkayil/event_scheduler_v2/handlers/user_handler.go:22.16,25.3 2 0
github.com/musthafa-vakkayil/event_scheduler_v2/handlers/user_handler.go:27.2,35.16 3 1
github.com/musthafa-vakkayil/event_scheduler_v2/handlers/user_handler.go:35.16,38.3 2 1
github.com/musthafa-vakkayil/event_scheduler_v2/handlers/user_handler.go:40.2,42.34 2 1
github.com/musthafa-vakkayil/event_scheduler_v2/handlers/user_handler.go:45.49,47.48 2 1
github.com/musthafa-vakkayil/event_scheduler_v2/handlers/user_handler.go:47.48,50.3 2 1
github.com/musthafa-vakkayil/event_scheduler_v2/handlers/user_handler.go:52.2,53.16 2 1
github.com/musthafa-vakkayil/event_scheduler_v2/handlers/user_handler.go:53.16,54.38 1 1
github.com/musthafa-vakkayil/event_scheduler_v2/handlers/user_handler.go:54.38,57.4 2 1
github.com/musthafa-vakkayil/event_scheduler_v2/handlers/user_handler.go:58.3,59.9 2 1
github.com/musthafa-vakkayil/event_scheduler_v2/handlers/user_handler.go:62.2,64.34 2 1
github.com/musthafa-vakkayil/event_scheduler_v2/handlers/user_handler.go:67.47,69.49 2 1
github.com/musthafa-vakkayil/event_scheduler_v2/handlers/user_handler.go:69.49,72.3 2 1
github.com/musthafa-vakkayil/event_scheduler_v2/handlers/user_handler.go:74.2,75.16 2 1
github.com/musthafa-vakkayil/event_scheduler_v2/handlers/user_handler.go:75.16,76.38 1 1
github.com/musthafa-vakkayil/event_scheduler_v2/handlers/user_handler.go:76.38,79.4 2 1
github.com/musthafa-vakkayil/event_scheduler_v2/handlers/user_handler.go:80.3,81.9 2 0
github.com/musthafa-vakkayil/event_scheduler_v2/handlers/user_handler.go:84.2,85.16 2 1
github.com/musthafa-vakkayil/event_scheduler_v2/handlers/user_handler.go:85.16,88.3 2 1
github.com/musthafa-vakkayil/event_scheduler_v2/handlers/user_handler.go:90.2,91.16 2 1
github.com/musthafa-vakkayil/event_scheduler_v2/handlers/user_handler.go:91.16,94.3 2 0
github.com/musthafa-vakkayil/event_scheduler_v2/handlers/user_handler.go:96.2,103.35 3 1
github.com/musthafa-vakkayil/event_scheduler_v2/handlers/user_handler.go:106.52,108.48 2 0
github.com/musthafa-vakkayil/event_scheduler_v2/handlers/user_handler.go:108.48,111.3 2 0
github.com/musthafa-vakkayil/event_scheduler_v2/handlers/user_handler.go:113.2,115.42 2 0
github.com/musthafa-vakkayil/event_scheduler_v2/handlers/user_handler.go:115.42,119.3 3 0
github.com/musthafa-vakkayil/event_scheduler_v2/handlers/user_handler.go:121.2,122.16 2 0
github.com/musthafa-vakkayil/event_scheduler_v2/handlers/user_handler.go:122.16,125.3 2 0
github.com/musthafa-vakkayil/event_scheduler_v2/handlers/user_handler.go:127.2,127.31 1 0
